Passed: .github/workflows/action-digest-enforcer.yml
Passed: .github/workflows/action-version-pinning-audit.yml
Passed: .github/workflows/actionlint.yml
Passed: .github/workflows/advanced-issue-triage.yml
Passed: .github/workflows/advanced-labeler.yml
Passed: .github/workflows/aggregate-release-notes.yml
Passed: .github/workflows/apt-source-validator.yml
Passed: .github/workflows/aria-label-audit.yml
Passed: .github/workflows/artifact-retention-policy.yml
Passed: .github/workflows/audit-build-absolute-paths-utilities.yml
Passed: .github/workflows/audit-build-apt-get-no-upgrade.yml
Passed: .github/workflows/audit-build-awk-v.yml
Passed: .github/workflows/audit-build-calamares-sidebar-bg.yml
Passed: .github/workflows/audit-build-chown-h.yml
Passed: .github/workflows/audit-build-chromium-home.yml
Passed: .github/workflows/audit-build-clean-tmp.yml
Passed: .github/workflows/audit-build-cp-a.yml
Passed: .github/workflows/audit-build-curl-max-time.yml
Passed: .github/workflows/audit-build-debian-trixie-debootstrap.yml
Passed: .github/workflows/audit-build-dpkg-no-force-all.yml
Passed: .github/workflows/audit-build-dracula-hex.yml
Passed: .github/workflows/audit-build-eatmydata-usage.yml
Passed: .github/workflows/audit-build-find-delete-name.yml
Passed: .github/workflows/audit-build-git-no-tags.yml
Passed: .github/workflows/audit-build-groupadd-force.yml
Passed: .github/workflows/audit-build-grub-timeout-check.yml
Passed: .github/workflows/audit-build-gzip-9.yml
Passed: .github/workflows/audit-build-idempotent-mkdir.yml
Passed: .github/workflows/audit-build-kernel-purge-order.yml
Passed: .github/workflows/audit-build-konsole-opacity-check.yml
Passed: .github/workflows/audit-build-mkdir-m.yml
Passed: .github/workflows/audit-build-no-read-interactive.yml
Passed: .github/workflows/audit-build-no-sudo.yml
Passed: .github/workflows/audit-build-os-identity.yml
Passed: .github/workflows/audit-build-parallel-jobs-enforcement.yml
Passed: .github/workflows/audit-build-password-length.yml
Passed: .github/workflows/audit-build-pip-no-cache.yml
Passed: .github/workflows/audit-build-plymouth-color.yml
Passed: .github/workflows/audit-build-rm-no-v.yml
Passed: .github/workflows/audit-build-sddm-config.yml
Passed: .github/workflows/audit-build-sed-no-bak.yml
Passed: .github/workflows/audit-build-splash-qml-text.yml
Passed: .github/workflows/audit-build-su-c-eatmydata.yml
Passed: .github/workflows/audit-build-su-c-grouping.yml
Passed: .github/workflows/audit-build-tar-p.yml
Passed: .github/workflows/audit-build-umount-lazy.yml
Passed: .github/workflows/audit-build-useradd-system.yml
Passed: .github/workflows/audit-build-wget-nv.yml
Passed: .github/workflows/audit-build-xargs-0.yml
Passed: .github/workflows/audit-build-zsh-alias-check.yml
Passed: .github/workflows/audit-kiba-welcome-discovery-loop.yml
Passed: .github/workflows/audit-ksplashrc-theme.yml
Passed: .github/workflows/audit-markdown-fenced-code-blocks-strict.yml
Passed: .github/workflows/audit-markdown-link-relative-repo.yml
Passed: .github/workflows/audit-markdown-link-title-quotes.yml
Passed: .github/workflows/audit-markdown-no-consecutive-blank-lines.yml
Passed: .github/workflows/audit-markdown-no-tabs.yml
Passed: .github/workflows/audit-markdown-ordered-list-consistency.yml
Passed: .github/workflows/audit-mksquashfs-zstd-15.yml
Passed: .github/workflows/audit-python-bare-except.yml
Passed: .github/workflows/audit-python-docstring-style.yml
Passed: .github/workflows/audit-python-f-string-pref.yml
Passed: .github/workflows/audit-python-is-none-strict.yml
Passed: .github/workflows/audit-python-open-encoding-utf8.yml
Passed: .github/workflows/audit-python-redundant-parentheses.yml
Passed: .github/workflows/audit-python-subprocess-shell-false.yml
Passed: .github/workflows/audit-python-unused-import-vulture.yml
Passed: .github/workflows/audit-python-yaml-explicit-on-key.yml
Passed: .github/workflows/audit-qt6-tools-version-pinning.yml
Passed: .github/workflows/audit-repo-dot-env-forbidden.yml
Passed: .github/workflows/audit-repo-forbidden-filenames-case-insensitive.yml
Passed: .github/workflows/audit-repo-large-file-prevention-strict.yml
Passed: .github/workflows/audit-repo-no-backup-files-hygiene.yml
Passed: .github/workflows/audit-repo-no-empty-folders-except-gitkeep.yml
Passed: .github/workflows/audit-repo-no-symlink-to-self.yml
Passed: .github/workflows/audit-repo-readme-toc-required.yml
Passed: .github/workflows/audit-repo-snake-case-scripts.yml
Passed: .github/workflows/audit-sh-license-mit.yml
Passed: .github/workflows/audit-shell-func-alias-comment.yml
Passed: .github/workflows/audit-shell-no-eval-strict.yml
Passed: .github/workflows/audit-shell-no-set-x-strict.yml
Passed: .github/workflows/audit-shell-script-header-description.yml
Passed: .github/workflows/audit-shell-script-mktemp-var.yml
Passed: .github/workflows/audit-shell-script-parameter-validation.yml
Passed: .github/workflows/audit-shell-script-readonly-constants.yml
Passed: .github/workflows/audit-shell-script-trap-err-cleanup.yml
Passed: .github/workflows/audit-shell-variable-quoting-strict.yml
Passed: .github/workflows/audit-wf-artifact-ret.yml
Passed: .github/workflows/audit-wf-cache-hash.yml
Passed: .github/workflows/audit-wf-checkout-persist-credentials.yml
Passed: .github/workflows/audit-wf-checkout-sha-pin.yml
Passed: .github/workflows/audit-wf-concurrency-val.yml
Passed: .github/workflows/audit-wf-dispatch-desc.yml
Passed: .github/workflows/audit-wf-env-prefix.yml
Passed: .github/workflows/audit-wf-fetch-depth-zero-git-history.yml
Passed: .github/workflows/audit-wf-indent-tabs.yml
Passed: .github/workflows/audit-wf-job-id-kebab-case.yml
Passed: .github/workflows/audit-wf-job-name-no-placeholder.yml
Passed: .github/workflows/audit-wf-no-continue-on-error.yml
Passed: .github/workflows/audit-wf-node-version.yml
Passed: .github/workflows/audit-wf-perms-sec.yml
Passed: .github/workflows/audit-wf-push-main.yml
Passed: .github/workflows/audit-wf-run-name-consistency.yml
Passed: .github/workflows/audit-wf-secret-usage.yml
Passed: .github/workflows/audit-wf-soft-fail.yml
Passed: .github/workflows/audit-wf-step-case.yml
Passed: .github/workflows/audit-wf-step-timeout-enforcement.yml
Passed: .github/workflows/audit-wf-timeout-val.yml
Passed: .github/workflows/audit-workflow-contents-write-permissions.yml
Passed: .github/workflows/audit-workflow-env-naming.yml
Passed: .github/workflows/audit-workflow-job-timeout-standard.yml
Passed: .github/workflows/audit-workflow-step-naming.yml
Passed: .github/workflows/audit-workflow-unpinned-actions-sha.yml
Passed: .github/workflows/audit-zsh-compinit-age-check.yml
Passed: .github/workflows/audit-zsh-extendedglob.yml
Passed: .github/workflows/auto-assign.yml
Passed: .github/workflows/auto-fix-prettier-format.yml
Passed: .github/workflows/auto-merge.yml
Passed: .github/workflows/auto-welcome-new-contributor-kiba.yml
Passed: .github/workflows/automated-issue-label-check.yml
Passed: .github/workflows/automated-repo-health-report.yml
Passed: .github/workflows/bandit.yml
Passed: .github/workflows/branch-name-enforcer.yml
Passed: .github/workflows/branding-assets-validator.yml
Passed: .github/workflows/branding-file-existence-check.yml
Passed: .github/workflows/branding-path-verificator.yml
Passed: .github/workflows/broken-link-checker.yml
Passed: .github/workflows/cachyos-kernel-monitor.yml
Passed: .github/workflows/calamares-branding-validator.yml
Passed: .github/workflows/calamares-config-linter.yml
Passed: .github/workflows/check-acknowledgments-content.yml
Failed: .github/workflows/check-action-caching-v3.yml - mapping values are not allowed here
  in ".github/workflows/check-action-caching-v3.yml", line 6, column 15
Failed: .github/workflows/check-action-pinning-v3.yml - mapping values are not allowed here
  in ".github/workflows/check-action-pinning-v3.yml", line 6, column 15
Passed: .github/workflows/check-apt-preferences.yml
Passed: .github/workflows/check-architecture-headers-audit.yml
Passed: .github/workflows/check-audio-configs.yml
Passed: .github/workflows/check-bash-completion-syntax.yml
Passed: .github/workflows/check-binfmt-d.yml
Passed: .github/workflows/check-branch-naming-v3.yml
Passed: .github/workflows/check-branding-banner-png.yml
Failed: .github/workflows/check-branding-colors-v3.yml - mapping values are not allowed here
  in ".github/workflows/check-branding-colors-v3.yml", line 6, column 15
Passed: .github/workflows/check-build-cleanup-v3.yml
Passed: .github/workflows/check-build-idempotency-v3.yml
Passed: .github/workflows/check-build-nbd-v3.yml
Failed: .github/workflows/check-build-parallel-v3.yml - mapping values are not allowed here
  in ".github/workflows/check-build-parallel-v3.yml", line 6, column 15
Passed: .github/workflows/check-calamares-branding-colors.yml
Passed: .github/workflows/check-commit-message-quality-v3.yml
Passed: .github/workflows/check-contributing-guide-existence.yml
Passed: .github/workflows/check-contributing-guide-steps.yml
Failed: .github/workflows/check-contributing-links-v3.yml - mapping values are not allowed here
  in ".github/workflows/check-contributing-links-v3.yml", line 6, column 15
Passed: .github/workflows/check-cron-syntax.yml
Passed: .github/workflows/check-crypttab-syntax.yml
Passed: .github/workflows/check-dbus-services.yml
Passed: .github/workflows/check-dconf-defaults.yml
Passed: .github/workflows/check-docs-md-links.yml
Failed: .github/workflows/check-docs-terminology-v3.yml - mapping values are not allowed here
  in ".github/workflows/check-docs-terminology-v3.yml", line 7, column 15
Passed: .github/workflows/check-dracut-conf.yml
Passed: .github/workflows/check-environment-d.yml
Passed: .github/workflows/check-eof-newline-v3.yml
Passed: .github/workflows/check-etc-skel.yml
Passed: .github/workflows/check-faq-q-formatting.yml
Passed: .github/workflows/check-firewall-rules.yml
Passed: .github/workflows/check-font-config-xml.yml
Passed: .github/workflows/check-fstab-syntax.yml
Passed: .github/workflows/check-gitattributes-existence-v3.yml
Passed: .github/workflows/check-github-token-permissions-explicit.yml
Passed: .github/workflows/check-grub-snippets.yml
Passed: .github/workflows/check-gsettings-overrides.yml
Passed: .github/workflows/check-hostname-config.yml
Passed: .github/workflows/check-icon-theme-index.yml
Passed: .github/workflows/check-initramfs-hooks.yml
Failed: .github/workflows/check-issue-template-quality-v3.yml - mapping values are not allowed here
  in ".github/workflows/check-issue-template-quality-v3.yml", line 6, column 15
Passed: .github/workflows/check-journal-bolt-file.yml
Passed: .github/workflows/check-journal-sentinel-file.yml
Failed: .github/workflows/check-json-syntax-v3.yml - while parsing a block mapping
  in ".github/workflows/check-json-syntax-v3.yml", line 1, column 1
expected <block end>, but found '<block mapping start>'
  in ".github/workflows/check-json-syntax-v3.yml", line 6, column 3
Passed: .github/workflows/check-kwin-script-metadata.yml
Failed: .github/workflows/check-license-year-v3.yml - mapping values are not allowed here
  in ".github/workflows/check-license-year-v3.yml", line 6, column 15
Passed: .github/workflows/check-locale-gen.yml
Passed: .github/workflows/check-logrotate-snippets.yml
Passed: .github/workflows/check-mime-definitions.yml
Passed: .github/workflows/check-modprobe-snippets.yml
Passed: .github/workflows/check-modules-load-d.yml
Passed: .github/workflows/check-motd-consistency.yml
Passed: .github/workflows/check-network-manager.yml
Passed: .github/workflows/check-no-log-files-repo-wide.yml
Passed: .github/workflows/check-notes-naming-convention.yml
Passed: .github/workflows/check-os-release-syntax.yml
Passed: .github/workflows/check-package-author-field.yml
Passed: .github/workflows/check-package-json-description.yml
Passed: .github/workflows/check-package-json-license-field.yml
Passed: .github/workflows/check-package-json-repository-field.yml
Passed: .github/workflows/check-package-json-scripts-order.yml
Passed: .github/workflows/check-package-license-field.yml
Passed: .github/workflows/check-pam-configs.yml
Passed: .github/workflows/check-plasma-applet-metadata.yml
Passed: .github/workflows/check-pnpm-lock-sync-check.yml
Passed: .github/workflows/check-pull-request-size-v3.yml
Passed: .github/workflows/check-py-syntax-check.yml
Passed: .github/workflows/check-readme-badge-links.yml
Failed: .github/workflows/check-readme-https-v3.yml - mapping values are not allowed here
  in ".github/workflows/check-readme-https-v3.yml", line 6, column 15
Passed: .github/workflows/check-repo-hygiene-v3.yml
Failed: .github/workflows/check-security-contact-v3.yml - mapping values are not allowed here
  in ".github/workflows/check-security-contact-v3.yml", line 6, column 15
Passed: .github/workflows/check-security-md-contact-info.yml
Passed: .github/workflows/check-shell-nounset-usage-enforce.yml
Passed: .github/workflows/check-shell-path-quoting.yml
Passed: .github/workflows/check-shell-pipefail-literal-enforce.yml
Passed: .github/workflows/check-shell-script-bom.yml
Failed: .github/workflows/check-shell-script-lint-v3.yml - while parsing a block mapping
  in ".github/workflows/check-shell-script-lint-v3.yml", line 1, column 1
expected <block end>, but found '<block mapping start>'
  in ".github/workflows/check-shell-script-lint-v3.yml", line 6, column 3
Failed: .github/workflows/check-shell-strict-mode-v3.yml - mapping values are not allowed here
  in ".github/workflows/check-shell-strict-mode-v3.yml", line 6, column 15
Failed: .github/workflows/check-shell-variable-quoting-v3.yml - mapping values are not allowed here
  in ".github/workflows/check-shell-variable-quoting-v3.yml", line 6, column 15
Passed: .github/workflows/check-splash-qml-animation.yml
Passed: .github/workflows/check-sshd-config.yml
Passed: .github/workflows/check-sudoers-snippets.yml
Passed: .github/workflows/check-sysctl-snippets.yml
Passed: .github/workflows/check-systemd-generators.yml
Passed: .github/workflows/check-timezone-config.yml
Passed: .github/workflows/check-tmpfiles-snippets.yml
Passed: .github/workflows/check-todo-format-strict-audit.yml
Passed: .github/workflows/check-todo-format-v3.yml
Passed: .github/workflows/check-todo-priority-enforcement.yml
Passed: .github/workflows/check-udev-rules-syntax.yml
Passed: .github/workflows/check-wayland-configs.yml
Passed: .github/workflows/check-wiki-overview-presence.yml
Failed: .github/workflows/check-workflow-cancel-in-progress-v3.yml - mapping values are not allowed here
  in ".github/workflows/check-workflow-cancel-in-progress-v3.yml", line 6, column 15
Failed: .github/workflows/check-workflow-no-write-all-v3.yml - mapping values are not allowed here
  in ".github/workflows/check-workflow-no-write-all-v3.yml", line 6, column 15
Failed: .github/workflows/check-workflow-security-v3.yml - mapping values are not allowed here
  in ".github/workflows/check-workflow-security-v3.yml", line 6, column 15
Failed: .github/workflows/check-workflow-strategy-fail-fast-v3.yml - mapping values are not allowed here
  in ".github/workflows/check-workflow-strategy-fail-fast-v3.yml", line 6, column 15
Passed: .github/workflows/check-workflow-timeout-minutes-standard.yml
Failed: .github/workflows/check-workflow-timeout-v3.yml - mapping values are not allowed here
  in ".github/workflows/check-workflow-timeout-v3.yml", line 6, column 15
Passed: .github/workflows/check-x11-snippets.yml
Passed: .github/workflows/check-zsh-completion-syntax.yml
Passed: .github/workflows/check-zshrc-performance-v3.yml
Passed: .github/workflows/check-zshrc-performance.yml
Passed: .github/workflows/chromium-policy-json-linter.yml
Passed: .github/workflows/ci-workflow-efficiency-audit.yml
Passed: .github/workflows/close-inactive-prs.yml
Passed: .github/workflows/cmake-backslash-continuation-audit.yml
Passed: .github/workflows/code-of-conduct-presence-check.yml
Passed: .github/workflows/codeql.yml
Passed: .github/workflows/codespellignore-required-entries.yml
Passed: .github/workflows/commit-lint.yml
Passed: .github/workflows/commit-message-length-checker.yml
Passed: .github/workflows/commit-message-signoff-checker.yml
Passed: .github/workflows/commit-scope-validator.yml
Passed: .github/workflows/community.yml
Passed: .github/workflows/contributing-guide-alignment.yml
Passed: .github/workflows/contributor-attribution-enforcer.yml
Passed: .github/workflows/contributors-list-manager.yml
Passed: .github/workflows/curl-secure-flags-enforcer.yml
Passed: .github/workflows/debian-trixie-mirror-check.yml
Passed: .github/workflows/dependabot-auto-approve.yml
Passed: .github/workflows/deprecated-commands-check.yml
Passed: .github/workflows/desktop-entry-validator.yml
Passed: .github/workflows/doc-spelling-common-mistakes.yml
Passed: .github/workflows/doc-trailing-whitespace-enforcer.yml
Passed: .github/workflows/docker-test.yml
Passed: .github/workflows/docs-abbreviation-consistency.yml
Passed: .github/workflows/docs-broken-anchor-checker.yml
Passed: .github/workflows/docs-code-block-max-lines.yml
Passed: .github/workflows/docs-consistent-heading-audit.yml
Passed: .github/workflows/docs-consistent-newline-before-headers.yml
Passed: .github/workflows/docs-crlf-style-audit.yml
Passed: .github/workflows/docs-external-link-https-enforcer.yml
Passed: .github/workflows/docs-header-capitalization.yml
Passed: .github/workflows/docs-image-alt-text-checker.yml
Passed: .github/workflows/docs-metadata-checker.yml
Passed: .github/workflows/docs-no-broken-image-links.yml
Passed: .github/workflows/docs-no-broken-internal-anchors.yml
Passed: .github/workflows/docs-no-long-lines-in-tables.yml
Passed: .github/workflows/docs-no-placeholder-text.yml
Passed: .github/workflows/docs-related-reading-audit.yml
Passed: .github/workflows/docs-security-policy-check.yml
Passed: .github/workflows/docs-sentence-spacing-audit.yml
Passed: .github/workflows/docs-stale-content-alert.yml
Passed: .github/workflows/docs-terminology-consistency.yml
Passed: .github/workflows/docs-toc-generator.yml
Passed: .github/workflows/documentation-link-validator.yml
Passed: .github/workflows/documentation-sync-enforcer.yml
Passed: .github/workflows/dracula-hex-validator.yml
Passed: .github/workflows/draft-pr-stale-notifier.yml
Passed: .github/workflows/duplicate-dependency-checker.yml
Passed: .github/workflows/empty-file-checker.yml
Passed: .github/workflows/enforce-apt-signed-by.yml
Passed: .github/workflows/ensure-notes-gitkeep.yml
Passed: .github/workflows/first-pr-welcome-guide.yml
Passed: .github/workflows/flatpak-repo-monitor.yml
Passed: .github/workflows/github-actions-cache-hashfiles-audit.yml
Passed: .github/workflows/github-actions-deprecated-commands.yml
Passed: .github/workflows/github-actions-output-description-audit.yml
Passed: .github/workflows/github-actions-security-linter.yml
Passed: .github/workflows/gitleaks.yml
Passed: .github/workflows/greetings.yml
Passed: .github/workflows/grep-vulnerability-scanner.yml
Passed: .github/workflows/heredoc-quoted-terminator-check.yml
Passed: .github/workflows/hook-syntax-validator.yml
Passed: .github/workflows/iso-metadata.yml
Passed: .github/workflows/iso-size-threshold-alert.yml
Passed: .github/workflows/issue-closing-pattern-checker.yml
Passed: .github/workflows/issue-component-labeler.yml
Passed: .github/workflows/issue-duplicate-checker.yml
Passed: .github/workflows/issue-escalation-policy.yml
Passed: .github/workflows/issue-milestone-presence-check.yml
Passed: .github/workflows/issue-milestone-reminder.yml
Passed: .github/workflows/issue-necro-posting-prevention.yml
Passed: .github/workflows/issue-needs-info-auto-closer.yml
Passed: .github/workflows/issue-no-body-checker.yml
Passed: .github/workflows/issue-priority-auto-labeler.yml
Passed: .github/workflows/issue-repro-steps-validator.yml
Passed: .github/workflows/issue-stale-collaboration-ping.yml
Passed: .github/workflows/issue-stale-ping.yml
Passed: .github/workflows/issue-template-audit.yml
Passed: .github/workflows/issue-template-completeness-check.yml
Passed: .github/workflows/issue-template-mandatory-sections.yml
Passed: .github/workflows/issue-template-validator.yml
Passed: .github/workflows/issue-title-no-period.yml
Passed: .github/workflows/issue-use-case-enforcer.yml
Passed: .github/workflows/json-lint.yml
Passed: .github/workflows/json-schema-validator.yml
Passed: .github/workflows/jules-pipeline.yml
Passed: .github/workflows/kde-plasma-monitor.yml
Passed: .github/workflows/kernel-endpoint-monitor.yml
Passed: .github/workflows/kiba-welcome-emoji-label-check.yml
Passed: .github/workflows/kiba-welcome-shortcut-advertisement.yml
Passed: .github/workflows/kiba-welcome-window-icon-audit.yml
Passed: .github/workflows/kiba.yml
Passed: .github/workflows/license-check.yml
Passed: .github/workflows/license-compliance-audit.yml
Passed: .github/workflows/license-existence-audit.yml
Passed: .github/workflows/license-header-enforcer.yml
Passed: .github/workflows/license-year-consistency-check.yml
Passed: .github/workflows/license-year-updater.yml
Passed: .github/workflows/lock-threads.yml
Passed: .github/workflows/manual-release.yml
Passed: .github/workflows/markdown-bold-style-checker.yml
Passed: .github/workflows/markdown-code-lang-requirement.yml
Passed: .github/workflows/markdown-header-hierarchy-check.yml
Passed: .github/workflows/markdown-internal-link-checker.yml
Passed: .github/workflows/markdown-link-format-audit.yml
Passed: .github/workflows/markdown-link-spacing-validator.yml
Passed: .github/workflows/markdown-lint.yml
Passed: .github/workflows/markdown-list-style-enforcer.yml
Passed: .github/workflows/markdown-no-empty-code-blocks.yml
Passed: .github/workflows/markdown-no-empty-links-check.yml
Passed: .github/workflows/markdown-no-orphan-headers.yml
Passed: .github/workflows/markdown-single-h1-validator.yml
Passed: .github/workflows/markdown-style-enforcer.yml
Passed: .github/workflows/mega-linter.yml
Passed: .github/workflows/mermaid-diagram-syntax-check.yml
Passed: .github/workflows/mermaid-syntax-enhancer.yml
Passed: .github/workflows/mktemp-assignment-validator.yml
Passed: .github/workflows/notify-release-sourceforge-upload.yml
Passed: .github/workflows/package-json-mandatory-metadata.yml
Passed: .github/workflows/package-list-distro-purity.yml
Passed: .github/workflows/package-list-duplicate-detector.yml
Passed: .github/workflows/plasma-theme-metadata-checker.yml
Passed: .github/workflows/plymouth-script-linter.yml
Passed: .github/workflows/pnpm-integrity-check.yml
Passed: .github/workflows/posix-local-declaration-checker.yml
Passed: .github/workflows/pr-assigned-milestone-checker.yml
Passed: .github/workflows/pr-branch-checker.yml
Passed: .github/workflows/pr-check-for-merge-commits.yml
Passed: .github/workflows/pr-co-author-syntax-validator.yml
Passed: .github/workflows/pr-conflict-notifier.yml
Passed: .github/workflows/pr-conventional-commits-title-validator.yml
Passed: .github/workflows/pr-description-length-check.yml
Passed: .github/workflows/pr-description-validator.yml
Passed: .github/workflows/pr-label-conflict-checker.yml
Passed: .github/workflows/pr-label-requirements.yml
Passed: .github/workflows/pr-labels-on-ready-for-review.yml
Passed: .github/workflows/pr-linked-issue-checker.yml
Passed: .github/workflows/pr-milestone-due-date-reminder.yml
Passed: .github/workflows/pr-milestone-enforcer.yml
Passed: .github/workflows/pr-no-conflicts-check.yml
Passed: .github/workflows/pr-no-revert-commits-check.yml
Passed: .github/workflows/pr-review-latency-alert.yml
Passed: .github/workflows/pr-review-latency-monitor.yml
Passed: .github/workflows/pr-review-request-balancer.yml
Passed: .github/workflows/pr-task-list-checker.yml
Passed: .github/workflows/pr-title-checker.yml
Passed: .github/workflows/prettier.yml
Passed: .github/workflows/prohibit-apt-trusted-yes.yml
Passed: .github/workflows/pull-request-security-hotspot-finder.yml
Passed: .github/workflows/pull-request-size-limiter.yml
Passed: .github/workflows/qml-module-import-validator.yml
Passed: .github/workflows/readme-badge-validator.yml
Passed: .github/workflows/readme-badges-alignment-check.yml
Passed: .github/workflows/readme-contribution-section-check.yml
Passed: .github/workflows/readme-link-to-docs-validator.yml
Passed: .github/workflows/readme-title-centering-check.yml
Passed: .github/workflows/release-drafter.yml
Passed: .github/workflows/release-notes-autodraft.yml
Passed: .github/workflows/release-notes-naming-validator.yml
Passed: .github/workflows/repo-broken-symlink-checker.yml
Passed: .github/workflows/repo-case-collision-check.yml
Passed: .github/workflows/repo-dos-line-endings-check.yml
Passed: .github/workflows/repo-executable-bit-check.yml
Passed: .github/workflows/repo-file-extension-consistency.yml
Passed: .github/workflows/repo-files-integrity-check.yml
Passed: .github/workflows/repo-forbidden-directory-structure.yml
Passed: .github/workflows/repo-git-conflict-marker-check.yml
Passed: .github/workflows/repo-hidden-file-audit.yml
Passed: .github/workflows/repo-large-file-prevention.yml
Passed: .github/workflows/repo-no-backup-files-audit.yml
Passed: .github/workflows/repo-no-symlink-to-abs.yml
Passed: .github/workflows/repo-stats.yml
Passed: .github/workflows/repo-symlink-target-validity.yml
Passed: .github/workflows/repo-topics-validator.yml
Passed: .github/workflows/repo-trailing-newline-audit.yml
Passed: .github/workflows/scorecards.yml
Passed: .github/workflows/sddm-autologin-user-sync-check.yml
Passed: .github/workflows/sddm-session-package-check.yml
Passed: .github/workflows/secure-apt-keyring-paths.yml
Passed: .github/workflows/semgrep.yml
Passed: .github/workflows/shell-arithmetic-syntax-check.yml
Passed: .github/workflows/shell-array-usage-portability.yml
Passed: .github/workflows/shell-backtick-usage-check.yml
Passed: .github/workflows/shell-checkbashisms-audit.yml
Passed: .github/workflows/shell-function-definition-style.yml
Passed: .github/workflows/shell-glob-prevention-audit.yml
Passed: .github/workflows/shell-heredoc-indentation-check.yml
Passed: .github/workflows/shell-license-header-auditor.yml
Passed: .github/workflows/shell-local-variable-enforcer.yml
Passed: .github/workflows/shell-mktemp-usage-enforcer.yml
Passed: .github/workflows/shell-printf-portability-check.yml
Passed: .github/workflows/shell-quoting-checker.yml
Passed: .github/workflows/shell-script-best-practice-audit.yml
Passed: .github/workflows/shell-script-missing-set-e.yml
Passed: .github/workflows/shell-script-missing-shebang.yml
Passed: .github/workflows/shell-script-no-alias-usage.yml
Passed: .github/workflows/shell-script-no-eval.yml
Passed: .github/workflows/shell-script-no-set-x.yml
Passed: .github/workflows/shell-script-no-useless-cat.yml
Passed: .github/workflows/shell-script-pipefail-enforcement.yml
Passed: .github/workflows/shell-short-circuit-validator.yml
Passed: .github/workflows/shell-strict-mode-enforcer.yml
Passed: .github/workflows/shell-trap-usage-audit.yml
Passed: .github/workflows/shellcheck.yml
Passed: .github/workflows/size-labeler.yml
Passed: .github/workflows/source-check.yml
Passed: .github/workflows/spell-check.yml
Passed: .github/workflows/stale-closer.yml
Passed: .github/workflows/stale-issue-soft-closer.yml
Passed: .github/workflows/starship-init-quoted-eval.yml
Passed: .github/workflows/step-security.yml
Passed: .github/workflows/todo-checker.yml
Passed: .github/workflows/todo-comment-tracker.yml
Passed: .github/workflows/trivy.yml
Passed: .github/workflows/trusted-auto-approve.yml
Passed: .github/workflows/upstream-debian-monitor.yml
Passed: .github/workflows/validate-release-notes-naming-convention.yml
Passed: .github/workflows/vcs-branch-hygiene.yml
Passed: .github/workflows/verify-acknowledgments-git-history.yml
Passed: .github/workflows/verify-apt-repo-gpg-signed-strict.yml
Passed: .github/workflows/verify-build-parallelism.yml
Passed: .github/workflows/wiki-link-integrity.yml
Passed: .github/workflows/workflow-action-version-consistency.yml
Passed: .github/workflows/workflow-concurrency-audit.yml
Passed: .github/workflows/workflow-deprecated-runners-audit.yml
Passed: .github/workflows/workflow-dispatch-input-description-check.yml
Passed: .github/workflows/workflow-env-naming-convention.yml
Passed: .github/workflows/workflow-job-concurrency-key-audit.yml
Passed: .github/workflows/workflow-job-id-kebab-case.yml
Passed: .github/workflows/workflow-job-timeout-enforcer.yml
Passed: .github/workflows/workflow-naming-consistency-check.yml
Passed: .github/workflows/workflow-no-redundant-checkout.yml
Passed: .github/workflows/workflow-permissions-audit.yml
Passed: .github/workflows/workflow-run-cleanup.yml
Passed: .github/workflows/workflow-secret-usage-audit.yml
Passed: .github/workflows/workflow-shell-specification-check.yml
Passed: .github/workflows/workflow-step-id-kebab-case.yml
Passed: .github/workflows/workflow-step-id-no-duplicates.yml
Passed: .github/workflows/workflow-step-name-capitalization.yml
Passed: .github/workflows/workflow-step-name-requirement.yml
Passed: .github/workflows/workflow-timeout-minutes-check.yml
Passed: .github/workflows/workflow-trigger-audit.yml
Passed: .github/workflows/workflow-trigger-on-pull-request-target-audit.yml
Passed: .github/workflows/workflow-trigger-on-push-main.yml
Passed: .github/workflows/workflow-unused-env-vars-check.yml
Passed: .github/workflows/workflow-yaml-extension-check.yml
Passed: .github/workflows/yaml-anchors-audit.yml
Passed: .github/workflows/yaml-lint.yml
Passed: .github/workflows/zenity-literal-newline-checker.yml
Passed: .github/workflows/zsh-alias-collision-detector.yml
Passed: .github/workflows/zsh-compinit-u-check.yml
Passed: .github/workflows/zsh-extendedglob-safety.yml
Passed: .github/workflows/zshrc-logic-checker.yml
Passed: .github/workflows/zshrc-prompt-optimization-audit.yml
